┏━━━━━━━┳━━━━━━━━━┳━━━━━━━━━━┳━━━━━━━━━━━━━━━━━━━━━━━━━━━━━━━━━┳━━━━━━━━━━━━━━━━━━━━━━━━━━━━━━━━━━━━━━━┳━━━━━━━━┓
┃ P / R ┃ Partial ┃ Required ┃ Net                             ┃ Pin                                   ┃ Layer  ┃
┡━━━━━━━╇━━━━━━━━━╇━━━━━━━━━━╇━━━━━━━━━━━━━━━━━━━━━━━━━━━━━━━━━╇━━━━━━━━━━━━━━━━━━━━━━━━━━━━━━━━━━━━━━━╇━━━━━━━━┩
│ 3.90  │ 1559.89 │ 400.00   │ u_cpu.alu_out[11\]              │ _25676_/D                             │ Metal4 │
│ 2.29  │ 915.89  │ 400.00   │ net483                          │ u_fsm.u_cpu_icg/TE                    │ Metal5 │
│ 1.63  │ 650.91  │ 400.00   │ _07754_                         │ _13704_/A1                            │ Metal4 │
│ 1.62  │ 646.42  │ 400.00   │ _06096_                         │ _22022_/B                             │ Metal4 │
│ 1.62  │ 646.09  │ 400.00   │ _07748_                         │ _21494_/A1                            │ Metal4 │
│ 1.57  │ 626.40  │ 400.00   │ _05802_                         │ _21713_/B1                            │ Metal4 │
│ 1.51  │ 602.04  │ 400.00   │ _06074_                         │ _21998_/A1                            │ Metal2 │
│ 1.45  │ 580.00  │ 400.00   │ _07716_                         │ _21115_/A1                            │ Metal4 │
│ 1.44  │ 576.03  │ 400.00   │ _07741_                         │ _13909_/A1                            │ Metal4 │
│ 1.36  │ 545.03  │ 400.00   │ _06050_                         │ _21972_/A1                            │ Metal4 │
│ 1.36  │ 542.17  │ 400.00   │ _07717_                         │ _23522_/A1                            │ Metal4 │
│ 1.30  │ 519.38  │ 400.00   │ _07662_                         │ _22084_/B2                            │ Metal4 │
│ 1.28  │ 512.31  │ 400.00   │ _05791_                         │ _21698_/A1                            │ Metal4 │
│ 1.27  │ 507.52  │ 400.00   │ u_cpu.pcpi_timeout              │ _12810_/A2                            │ Metal4 │
│ 1.19  │ 477.45  │ 400.00   │ _06980_                         │ _23950_/A2                            │ Metal3 │
│ 1.19  │ 476.24  │ 400.00   │ _06980_                         │ _23950_/A2                            │ Metal4 │
│ 1.18  │ 473.26  │ 400.00   │ _08256_                         │ _12813_/A4                            │ Metal4 │
│ 1.11  │ 443.03  │ 400.00   │ net741                          │ hold711/I                             │ Metal2 │
│ 1.10  │ 440.03  │ 400.00   │ u_dmem_slave.u_dmem.u_mem.d[6\] │ u_dmem_slave.u_dmem.u_mem.u_sram/D[6] │ Metal5 │
│ 1.07  │ 426.91  │ 400.00   │ u_dmem_slave.u_dmem.u_mem.d[5\] │ u_dmem_slave.u_dmem.u_mem.u_sram/D[5] │ Metal5 │
│ 1.05  │ 418.40  │ 400.00   │ net710                          │ u_fsm.u_cpu_icg/E                     │ Metal5 │
│ 1.02  │ 407.24  │ 400.00   │ u_dmem_slave.u_dmem.u_mem.d[4\] │ u_dmem_slave.u_dmem.u_mem.u_sram/D[4] │ Metal5 │
└───────┴─────────┴──────────┴─────────────────────────────────┴───────────────────────────────────────┴────────┘
